
======================================================================
COMPREHENSIVE QA TESTING SUITE - Chat+Video Application
======================================================================
Test started at: 2025-11-07 10:25:48
======================================================================
✓ Server is running

======================================================================
TEST [Authentication]: Login with valid credentials
======================================================================
✓ PASS: Login with valid credentials
✓ PASS: Response contains tokens and user data
✓ PASS: User data is correct
✓ PASS: User role is correct

======================================================================
TEST [Authentication]: Login with invalid credentials
======================================================================
✓ PASS: Login with invalid username returns 401
✓ PASS: Login with invalid password returns 401
✓ PASS: Login with missing fields returns error

======================================================================
TEST [Authentication]: Token refresh
======================================================================
✓ PASS: Token refresh successful
✓ PASS: New access token received

======================================================================
TEST [Authentication]: Token validation
======================================================================
✓ PASS: Valid token works
✓ PASS: Invalid token rejected
✓ PASS: Missing token rejected

======================================================================
TEST [User Profile]: Get current user profile
======================================================================
✓ PASS: Get current user profile
✓ PASS: User profile contains required fields

======================================================================
TEST [User Profile]: List users
======================================================================
✓ PASS: List users successful
✓ PASS: Users list is an array
✓ PASS: Admin users excluded from list

======================================================================
TEST [User Profile]: Search users
======================================================================
✓ PASS: Search users successful
✓ PASS: Empty search handled correctly
✓ PASS: SQL injection attempt handled safely

======================================================================
TEST [User Profile]: Update profile
======================================================================
✓ PASS: Update profile successful
✓ PASS: First name updated correctly

======================================================================
TEST [User Profile]: Get user by ID
======================================================================
✓ PASS: Get user by ID successful
✓ PASS: Non-existent user returns 404

======================================================================
TEST [User Profile]: Follow/Unfollow user
======================================================================
✓ PASS: Follow user successful
✓ PASS: Get follow status successful
✓ PASS: Follow status is correct
✓ PASS: Unfollow user successful

======================================================================
TEST [Messages]: Get conversations
======================================================================
✓ PASS: Get conversations successful
✓ PASS: Conversations is an array

======================================================================
TEST [Messages]: Get chat history
======================================================================
✓ PASS: Get chat history successful
✓ PASS: Messages is an array

======================================================================
TEST [Messages]: Upload media
======================================================================
✓ PASS: Upload media successful
✓ PASS: Invalid file type rejected
⚠ WARN: WebSocket tests skipped - install websockets: pip install websockets

======================================================================
TEST [Admin]: Admin list users
======================================================================
✓ PASS: Admin list users successful
✓ PASS: Admin users list is an array

======================================================================
TEST [Admin]: Admin create user
======================================================================
✓ PASS: Admin create user successful
✓ PASS: Created user has correct username

======================================================================
TEST [Admin]: Admin get audit logs
======================================================================
✓ PASS: Admin get audit logs successful

======================================================================
TEST [Edge Cases]: Edge cases
======================================================================
✓ PASS: Large limit parameter handled
✓ PASS: Negative limit parameter handled
✓ PASS: Empty string handled correctly

======================================================================
TEST [Security]: Security tests
======================================================================
✓ PASS: SQL injection attempt handled safely
✓ PASS: XSS attempt handled (should be sanitized on frontend)
✓ PASS: Path traversal attempt blocked

======================================================================
TEST SUMMARY
======================================================================
Total Tests: 45
✓ Passed: 45
✗ Failed: 0
⚠ Warnings: 1

By Category:
  Authentication: 12/12 passed
  User Profile: 16/16 passed
  Messages: 6/6 passed
  Admin: 5/5 passed
  Edge Cases: 3/3 passed
  Security: 3/3 passed

Success Rate: 100.0%

✅ ALL TESTS PASSED!

Test completed at: 2025-11-07 10:25:50
======================================================================
